resolving dependencies...
looking for conflicting packages...

Package (3)                  New Version  Net Change  Download Size

cachyos-extra-v3/cpptrace    1.0.4-2.1      0.56 MiB       0.21 MiB
cachyos-extra-v3/libdwarf    1:2.3.1-1.1    1.65 MiB       0.51 MiB
cachyos-extra-v3/quickshell  0.3.0-2.1      6.04 MiB       1.64 MiB

Total Download Size:   2.36 MiB
Total Installed Size:  8.25 MiB

:: Proceed with installation? [Y/n] 
:: Retrieving packages...
 quickshell-0.3.0-2.1-x86_64_v3 downloading...
 libdwarf-1:2.3.1-1.1-x86_64_v3 downloading...
 cpptrace-1.0.4-2.1-x86_64_v3 downloading...
checking keyring...
checking package integrity...
loading package files...
checking for file conflicts...
checking available disk space...
:: Running pre-transaction hooks...
(1/2) Performing snapper pre snapshots for the following configurations...
==> root: 175
(2/2) Waiting for limine-snapper-sync to finish...
:: Processing package changes...
installing libdwarf...
installing cpptrace...
installing quickshell...
:: Running post-transaction hooks...
(1/4) Arming ConditionNeedsUpdate...
(2/4) Updating icon theme caches...
(3/4) Updating the desktop file MIME type cache...
(4/4) Performing snapper post snapshots for the following configurations...
==> root: 176
