resolving dependencies...
looking for conflicting packages...

Package (1)                                   New Version  Net Change  Download Size

cachyos-extra-v3/xdg-desktop-portal-hyprland  1.3.12-2.1     0.68 MiB       0.25 MiB

Total Download Size:   0.25 MiB
Total Installed Size:  0.68 MiB

:: Proceed with installation? [Y/n] 
:: Retrieving packages...
 xdg-desktop-portal-hyprland-1.3.12-2.1-x86_64_v3 downloading...
checking keyring...
checking package integrity...
loading package files...
checking for file conflicts...
checking available disk space...
:: Running pre-transaction hooks...
(1/2) Performing snapper pre snapshots for the following configurations...
==> root: 177
(2/2) Waiting for limine-snapper-sync to finish...
:: Processing package changes...
installing xdg-desktop-portal-hyprland...
Optional dependencies for xdg-desktop-portal-hyprland
    grim: required for the screenshot portal to function [installed]
    slurp: support for interactive mode for the screenshot portal [installed]
:: Running post-transaction hooks...
(1/3) Reloading user manager configuration...
(2/3) Arming ConditionNeedsUpdate...
(3/3) Performing snapper post snapshots for the following configurations...
==> root: 178
resolving dependencies...
looking for conflicting packages...

Package (1)                New Version  Net Change  Download Size

cachyos-extra-v3/umockdev  0.19.7-1.1     0.68 MiB       0.16 MiB

Total Download Size:   0.16 MiB
Total Installed Size:  0.68 MiB

:: Proceed with installation? [Y/n] 
:: Retrieving packages...
 umockdev-0.19.7-1.1-x86_64_v3 downloading...
checking keyring...
checking package integrity...
loading package files...
checking for file conflicts...
checking available disk space...
:: Running pre-transaction hooks...
(1/2) Performing snapper pre snapshots for the following configurations...
==> root: 179
(2/2) Waiting for limine-snapper-sync to finish...
:: Processing package changes...
installing umockdev...
:: Running post-transaction hooks...
(1/2) Arming ConditionNeedsUpdate...
(2/2) Performing snapper post snapshots for the following configurations...
==> root: 180
