resolving dependencies...
looking for conflicting packages...

Package (1)                        New Version              Net Change  Download Size

extra/adobe-source-code-pro-fonts  2.042u+1.062i+1.026vf-2    1.86 MiB       0.91 MiB

Total Download Size:   0.91 MiB
Total Installed Size:  1.86 MiB

:: Proceed with installation? [Y/n] 
:: Retrieving packages...
 adobe-source-code-pro-fonts-2.042u+1.062i+1.026vf-2-any downloading...
error: failed retrieving file 'adobe-source-code-pro-fonts-2.042u+1.062i+1.026vf-2-any.pkg.tar.zst' from archlinux.cachyos.org : The requested URL returned error: 404
checking keyring...
checking package integrity...
loading package files...
checking for file conflicts...
checking available disk space...
:: Running pre-transaction hooks...
(1/2) Performing snapper pre snapshots for the following configurations...
==> root: 135
(2/2) Waiting for limine-snapper-sync to finish...
:: Processing package changes...
installing adobe-source-code-pro-fonts...
:: Running post-transaction hooks...
(1/3) Arming ConditionNeedsUpdate...
(2/3) Updating fontconfig cache...
(3/3) Performing snapper post snapshots for the following configurations...
==> root: 136
resolving dependencies...
looking for conflicting packages...

Package (1)             New Version  Net Change  Download Size

extra/otf-font-awesome  7.2.0-1        0.69 MiB       0.30 MiB

Total Download Size:   0.30 MiB
Total Installed Size:  0.69 MiB

:: Proceed with installation? [Y/n] 
:: Retrieving packages...
 otf-font-awesome-7.2.0-1-any downloading...
checking keyring...
checking package integrity...
loading package files...
checking for file conflicts...
checking available disk space...
:: Running pre-transaction hooks...
(1/2) Performing snapper pre snapshots for the following configurations...
==> root: 137
(2/2) Waiting for limine-snapper-sync to finish...
:: Processing package changes...
installing otf-font-awesome...
:: Running post-transaction hooks...
(1/3) Arming ConditionNeedsUpdate...
(2/3) Updating fontconfig cache...
(3/3) Performing snapper post snapshots for the following configurations...
==> root: 138
resolving dependencies...
looking for conflicting packages...

Package (1)      New Version  Net Change  Download Size

extra/ttf-droid  20121017-11   15.31 MiB       3.93 MiB

Total Download Size:    3.93 MiB
Total Installed Size:  15.31 MiB

:: Proceed with installation? [Y/n] 
:: Retrieving packages...
 ttf-droid-20121017-11-any downloading...
checking keyring...
checking package integrity...
loading package files...
checking for file conflicts...
checking available disk space...
:: Running pre-transaction hooks...
(1/2) Performing snapper pre snapshots for the following configurations...
==> root: 139
(2/2) Waiting for limine-snapper-sync to finish...
:: Processing package changes...
installing ttf-droid...
:: Running post-transaction hooks...
(1/4) Arming ConditionNeedsUpdate...
(2/4) Updating fontconfig configuration...
(3/4) Updating fontconfig cache...
(4/4) Performing snapper post snapshots for the following configurations...
==> root: 140
resolving dependencies...
looking for conflicting packages...

Package (1)          New Version  Net Change  Download Size

extra/ttf-fira-code  6.2-4          1.69 MiB       0.41 MiB

Total Download Size:   0.41 MiB
Total Installed Size:  1.69 MiB

:: Proceed with installation? [Y/n] 
:: Retrieving packages...
 ttf-fira-code-6.2-4-any downloading...
checking keyring...
checking package integrity...
loading package files...
checking for file conflicts...
checking available disk space...
:: Running pre-transaction hooks...
(1/2) Performing snapper pre snapshots for the following configurations...
==> root: 141
(2/2) Waiting for limine-snapper-sync to finish...
:: Processing package changes...
installing ttf-fira-code...
:: Running post-transaction hooks...
(1/3) Arming ConditionNeedsUpdate...
(2/3) Updating fontconfig cache...
(3/3) Performing snapper post snapshots for the following configurations...
==> root: 142
resolving dependencies...
looking for conflicting packages...

Package (1)               New Version  Net Change  Download Size

extra/ttf-jetbrains-mono  2.304-2        7.44 MiB       0.80 MiB

Total Download Size:   0.80 MiB
Total Installed Size:  7.44 MiB

:: Proceed with installation? [Y/n] 
:: Retrieving packages...
 ttf-jetbrains-mono-2.304-2-any downloading...
checking keyring...
checking package integrity...
loading package files...
checking for file conflicts...
checking available disk space...
:: Running pre-transaction hooks...
(1/2) Performing snapper pre snapshots for the following configurations...
==> root: 143
(2/2) Waiting for limine-snapper-sync to finish...
:: Processing package changes...
installing ttf-jetbrains-mono...
:: Running post-transaction hooks...
(1/3) Arming ConditionNeedsUpdate...
(2/3) Updating fontconfig cache...
(3/3) Performing snapper post snapshots for the following configurations...
==> root: 144
resolving dependencies...
looking for conflicting packages...

Package (1)                    New Version  Net Change  Download Size

extra/ttf-jetbrains-mono-nerd  3.4.0-2      222.51 MiB      10.48 MiB

Total Download Size:    10.48 MiB
Total Installed Size:  222.51 MiB

:: Proceed with installation? [Y/n] 
:: Retrieving packages...
 ttf-jetbrains-mono-nerd-3.4.0-2-any downloading...
checking keyring...
checking package integrity...
loading package files...
checking for file conflicts...
checking available disk space...
:: Running pre-transaction hooks...
(1/2) Performing snapper pre snapshots for the following configurations...
==> root: 145
(2/2) Waiting for limine-snapper-sync to finish...
:: Processing package changes...
installing ttf-jetbrains-mono-nerd...
:: Running post-transaction hooks...
(1/3) Arming ConditionNeedsUpdate...
(2/3) Updating fontconfig cache...
(3/3) Performing snapper post snapshots for the following configurations...
==> root: 146
:: Resolving dependencies...
:: Calculating conflicts...
:: Calculating inner conflicts...

Aur (1)              Old Version  New Version    Make Only
aur/ttf-victor-mono               1.5.6-1        No

:: Proceed to review? [Y/n]: 

:: Downloading PKGBUILDs...
 (1/1) downloading: ttf-victor-mono-1.5.6-1
fetching devel info...
==> Making package: ttf-victor-mono 1.5.6-1 (Sat 13 Jun 2026 15:36:02)
==> Retrieving sources...
  -> Downloading ttf-victor-mono-1.5.6.zip...
  % Total    % Received % Xferd  Average Speed  Time    Time    Time   Current
                                 Dload  Upload  Total   Spent   Left   Speed
  0      0   0      0   0      0      0      0                              0  0      0   0      0   0      0      0      0                              0  0      0   0      0   0      0      0      0                              0
  0      0   0      0   0      0      0      0           00:01              0100  4.01M   0  4.01M   0      0  1.52M      0           00:02          3.89M100  8.87M   0  8.87M   0      0  2.44M      0           00:03          4.37M100 12.60M   0 12.60M   0      0  2.72M      0           00:04          4.15M100 16.61M   0 16.61M   0      0  2.95M      0           00:05          4.12M100 20.86M   0 20.86M   0      0  3.14M      0           00:06          4.14M100 24.04M   0 24.04M   0      0  3.27M      0           00:07          4.14M100 24.04M   0 24.04M   0      0  3.27M      0           00:07          4.14M100 24.04M   0 24.04M   0      0  3.27M      0           00:07          4.14M
==> Validating source files with sha256sums...
    ttf-victor-mono-1.5.6.zip ... Passed
==> Making package: ttf-victor-mono 1.5.6-1 (Sat 13 Jun 2026 15:36:11)
==> Checking runtime dependencies...
==> Checking buildtime dependencies...
==> Retrieving sources...
  -> Found ttf-victor-mono-1.5.6.zip
==> Validating source files with sha256sums...
    ttf-victor-mono-1.5.6.zip ... Passed
==> Removing existing $srcdir/ directory...
==> Extracting sources...
  -> Extracting ttf-victor-mono-1.5.6.zip with bsdtar
==> Starting prepare()...
==> Sources are ready.
ttf-victor-mono-1.5.6-1: parsing pkg list...
==> Making package: ttf-victor-mono 1.5.6-1 (Sat 13 Jun 2026 15:36:13)
==> Checking runtime dependencies...
==> Checking buildtime dependencies...
==> WARNING: Using existing $srcdir/ tree
==> Entering fakeroot environment...
==> Starting package()...
==> Tidying install...
  -> Removing libtool files...
  -> Removing static library files...
  -> Purging unwanted files...
  -> Stripping unneeded symbols from binaries and libraries...
  -> Compressing man and info pages...
==> Checking for packaging issues...
==> Creating package "ttf-victor-mono"...
  -> Generating .PKGINFO file...
  -> Generating .BUILDINFO file...
  -> Generating .MTREE file...
  -> Compressing package...
==> Leaving fakeroot environment.
==> Finished making: ttf-victor-mono 1.5.6-1 (Sat 13 Jun 2026 15:36:15)
==> Cleaning up...
loading packages...
resolving dependencies...
looking for conflicting packages...

Package (1)      New Version  Net Change

ttf-victor-mono  1.5.6-1        4.43 MiB

Total Installed Size:  4.43 MiB

:: Proceed with installation? [Y/n] 
checking keyring...
checking package integrity...
loading package files...
checking for file conflicts...
checking available disk space...
:: Running pre-transaction hooks...
(1/2) Performing snapper pre snapshots for the following configurations...
==> root: 147
(2/2) Waiting for limine-snapper-sync to finish...
:: Processing package changes...
installing ttf-victor-mono...
:: Running post-transaction hooks...
(1/3) Arming ConditionNeedsUpdate...
(2/3) Updating fontconfig cache...
(3/3) Performing snapper post snapshots for the following configurations...
==> root: 148
