resolving dependencies...
looking for conflicting packages...

Package (2)                          New Version          Net Change  Download Size

cachyos-extra-v3/qt5-declarative     5.15.19+kde+r23-1.1   24.77 MiB       5.40 MiB
cachyos-extra-v3/qt5-quickcontrols2  5.15.19+kde+r5-1.1     8.76 MiB       1.57 MiB

Total Download Size:    6.97 MiB
Total Installed Size:  33.53 MiB

:: Proceed with installation? [Y/n] 
:: Retrieving packages...
 qt5-declarative-5.15.19+kde+r23-1.1-x86_64_v3 downloading...
 qt5-quickcontrols2-5.15.19+kde+r5-1.1-x86_64_v3 downloading...
error: failed retrieving file 'qt5-declarative-5.15.19+kde+r23-1.1-x86_64_v3.pkg.tar.zst' from cdn77.cachyos.org : The requested URL returned error: 404
error: failed retrieving file 'qt5-quickcontrols2-5.15.19+kde+r5-1.1-x86_64_v3.pkg.tar.zst' from cdn77.cachyos.org : The requested URL returned error: 404
checking keyring...
checking package integrity...
loading package files...
checking for file conflicts...
checking available disk space...
:: Running pre-transaction hooks...
(1/2) Performing snapper pre snapshots for the following configurations...
==> root: 155
(2/2) Waiting for limine-snapper-sync to finish...
:: Processing package changes...
installing qt5-declarative...
installing qt5-quickcontrols2...
Optional dependencies for qt5-quickcontrols2
    qt5-graphicaleffects: for the Material style
:: Running post-transaction hooks...
(1/2) Arming ConditionNeedsUpdate...
(2/2) Performing snapper post snapshots for the following configurations...
==> root: 156
resolving dependencies...
looking for conflicting packages...

Package (4)                           New Version  Net Change  Download Size

cachyos-extra-v3/xf86-input-libinput  1.5.0-1.2      0.11 MiB       0.05 MiB
cachyos-extra-v3/xorg-server          21.1.23-1.1    4.96 MiB       1.98 MiB
cachyos-extra-v3/xorg-xauth           1.1.5-1.1      0.05 MiB       0.02 MiB
cachyos-v3/sddm                       0.21.0-8       5.33 MiB       3.56 MiB

Total Download Size:    5.61 MiB
Total Installed Size:  10.45 MiB

:: Proceed with installation? [Y/n] 
:: Retrieving packages...
 sddm-0.21.0-8-x86_64_v3 downloading...
 xorg-server-21.1.23-1.1-x86_64_v3 downloading...
 xf86-input-libinput-1.5.0-1.2-x86_64_v3 downloading...
 xorg-xauth-1.1.5-1.1-x86_64_v3 downloading...
checking keyring...
checking package integrity...
loading package files...
checking for file conflicts...
checking available disk space...
:: Running pre-transaction hooks...
(1/2) Performing snapper pre snapshots for the following configurations...
==> root: 157
(2/2) Waiting for limine-snapper-sync to finish...
:: Processing package changes...
installing xf86-input-libinput...
installing xorg-server...
>>> xorg-server has now the ability to run without root rights with
    the help of systemd-logind. xserver will fail to run if not launched
    from the same virtual terminal as was used to log in.
    Without root rights, log files will be in ~/.local/share/xorg/ directory.

    Old behavior can be restored through Xorg.wrap config file.
    See Xorg.wrap man page (man xorg.wrap).
installing xorg-xauth...
installing sddm...
Optional dependencies for sddm
    qt5-declarative: for using Qt5 themes [installed]
:: Running post-transaction hooks...
(1/6) Creating system user accounts...
Creating group 'sddm' with GID 955.
Creating user 'sddm' (SDDM Greeter Account) with UID 955 and GID 955.
(2/6) Creating temporary files...
(3/6) Reloading system manager configuration...
(4/6) Arming ConditionNeedsUpdate...
(5/6) Reloading system bus configuration...
(6/6) Performing snapper post snapshots for the following configurations...
==> root: 158
