resolving dependencies...
looking for conflicting packages...

Package (14)                          New Version  Net Change  Download Size

cachyos-extra-v3/aquamarine           0.12.1-1.1     1.31 MiB       0.41 MiB
cachyos-extra-v3/hyprcursor           0.1.13-6.1     0.70 MiB       0.22 MiB
cachyos-extra-v3/hyprgraphics         0.5.1-2.1      0.21 MiB       0.08 MiB
cachyos-extra-v3/hyprland-guiutils    0.2.1-6.1      0.76 MiB       0.18 MiB
cachyos-extra-v3/hyprtoolkit          0.5.4-2.1      1.41 MiB       0.42 MiB
cachyos-extra-v3/hyprwayland-scanner  0.4.6-1.1      0.22 MiB       0.09 MiB
cachyos-extra-v3/hyprwire             0.3.1-2.1      0.54 MiB       0.19 MiB
cachyos-extra-v3/muparser             2.3.5-2.1      0.71 MiB       0.19 MiB
cachyos-extra-v3/pugixml              1.15-3.1       0.36 MiB       0.12 MiB
cachyos-extra-v3/seatd                0.9.3-1.1      0.11 MiB       0.04 MiB
cachyos-extra-v3/tomlplusplus         3.4.0-2.1      0.87 MiB       0.18 MiB
extra/wayland-protocols               1.49-1         0.98 MiB       0.14 MiB
cachyos-extra-v3/xcb-util-errors      1.0.1-2.1      0.04 MiB       0.01 MiB
cachyos-extra-v3/hyprland             0.55.4-1.1    63.90 MiB      48.89 MiB

Total Download Size:   51.15 MiB
Total Installed Size:  72.13 MiB

:: Proceed with installation? [Y/n] 
:: Retrieving packages...
 hyprland-0.55.4-1.1-x86_64_v3 downloading...
 hyprtoolkit-0.5.4-2.1-x86_64_v3 downloading...
 aquamarine-0.12.1-1.1-x86_64_v3 downloading...
 hyprcursor-0.1.13-6.1-x86_64_v3 downloading...
 hyprwire-0.3.1-2.1-x86_64_v3 downloading...
 muparser-2.3.5-2.1-x86_64_v3 downloading...
 tomlplusplus-3.4.0-2.1-x86_64_v3 downloading...
 hyprland-guiutils-0.2.1-6.1-x86_64_v3 downloading...
 wayland-protocols-1.49-1-any downloading...
 pugixml-1.15-3.1-x86_64_v3 downloading...
 hyprwayland-scanner-0.4.6-1.1-x86_64_v3 downloading...
 hyprgraphics-0.5.1-2.1-x86_64_v3 downloading...
 seatd-0.9.3-1.1-x86_64_v3 downloading...
 xcb-util-errors-1.0.1-2.1-x86_64 downloading...
checking keyring...
checking package integrity...
loading package files...
checking for file conflicts...
checking available disk space...
:: Running pre-transaction hooks...
(1/2) Performing snapper pre snapshots for the following configurations...
==> root: 149
(2/2) Waiting for limine-snapper-sync to finish...
:: Processing package changes...
installing pugixml...
installing hyprwayland-scanner...
installing seatd...
installing wayland-protocols...
installing aquamarine...
installing tomlplusplus...
installing hyprcursor...
installing hyprgraphics...
installing hyprtoolkit...
installing hyprland-guiutils...
installing hyprwire...
installing muparser...
installing xcb-util-errors...
installing hyprland...
Optional dependencies for hyprland
    cmake: to build and install plugins using hyprpm
    cpio: to build and install plugins using hyprpm [installed]
    glaze: to build and install plugins using hyprpm
    hyprland-protocols: to build and install plugins using hyprpm
    hyprshutdown: clean logout and shutdown helper
    meson: to build and install plugins using hyprpm
    uwsm: an advanced way to start desktop compositors as systemd units [installed]
    xdg-desktop-portal-hyprland: xdg-desktop-portal backend for hyprland
:: Running post-transaction hooks...
(1/4) Creating system user accounts...
Creating group 'seat' with GID 956.
(2/4) Reloading system manager configuration...
(3/4) Arming ConditionNeedsUpdate...
(4/4) Performing snapper post snapshots for the following configurations...
==> root: 150
resolving dependencies...
looking for conflicting packages...

Package (2)                 New Version  Net Change  Download Size

cachyos-extra-v3/sdbus-cpp  2.3.1-1.1      0.93 MiB       0.25 MiB
cachyos-extra-v3/hypridle   0.1.7-9.1      0.26 MiB       0.10 MiB

Total Download Size:   0.36 MiB
Total Installed Size:  1.19 MiB

:: Proceed with installation? [Y/n] 
:: Retrieving packages...
 sdbus-cpp-2.3.1-1.1-x86_64_v3 downloading...
 hypridle-0.1.7-9.1-x86_64_v3 downloading...
checking keyring...
checking package integrity...
loading package files...
checking for file conflicts...
checking available disk space...
:: Running pre-transaction hooks...
(1/2) Performing snapper pre snapshots for the following configurations...
==> root: 151
(2/2) Waiting for limine-snapper-sync to finish...
:: Processing package changes...
installing sdbus-cpp...
installing hypridle...
:: Running post-transaction hooks...
(1/3) Reloading user manager configuration...
(2/3) Arming ConditionNeedsUpdate...
(3/3) Performing snapper post snapshots for the following configurations...
==> root: 152
resolving dependencies...
looking for conflicting packages...

Package (1)                New Version  Net Change  Download Size

cachyos-extra-v3/hyprlock  0.9.5-4.1      0.82 MiB       0.30 MiB

Total Download Size:   0.30 MiB
Total Installed Size:  0.82 MiB

:: Proceed with installation? [Y/n] 
:: Retrieving packages...
 hyprlock-0.9.5-4.1-x86_64_v3 downloading...
checking keyring...
checking package integrity...
loading package files...
checking for file conflicts...
checking available disk space...
:: Running pre-transaction hooks...
(1/2) Performing snapper pre snapshots for the following configurations...
==> root: 153
(2/2) Waiting for limine-snapper-sync to finish...
:: Processing package changes...
installing hyprlock...
:: Running post-transaction hooks...
(1/2) Arming ConditionNeedsUpdate...
(2/2) Performing snapper post snapshots for the following configurations...
==> root: 154
