2026-06-13 14:44:02 Loaded main app package /usr/lib/obsidian/obsidian.asar
2026-06-13 14:44:02 Checking for update using Github
2026-06-13 14:44:02 Success.
2026-06-13 14:44:02 Latest version is 1.12.7
2026-06-13 14:44:02 App is up to date.
2026-06-13 15:06:15 Loaded main app package /usr/lib/obsidian/obsidian.asar
2026-06-13 15:06:15 Checking for update using Github
2026-06-13 15:06:16 Success.
2026-06-13 15:06:16 Latest version is 1.12.7
2026-06-13 15:06:16 App is up to date.
2026-06-13 15:28:59 Loaded main app package /usr/lib/obsidian/obsidian.asar
2026-06-13 15:28:59 Checking for update using Github
2026-06-13 15:29:00 Success.
2026-06-13 15:29:00 Latest version is 1.12.7
2026-06-13 15:29:00 App is up to date.
2026-06-13 16:10:24 Loaded main app package /usr/lib/obsidian/obsidian.asar
2026-06-13 16:10:24 Checking for update using Github
2026-06-13 16:10:25 Success.
2026-06-13 16:10:25 Latest version is 1.12.7
2026-06-13 16:10:25 App is up to date.
2026-06-13 16:35:26 Loaded main app package /usr/lib/obsidian/obsidian.asar
2026-06-13 16:35:27 Checking for update using Github
2026-06-13 16:35:27 Success.
2026-06-13 16:35:27 Latest version is 1.12.7
2026-06-13 16:35:27 App is up to date.
